// Vitest Snapshot v1, https://vitest.dev/guide/snapshot.html

exports[`SpectatePage > matches snapshot for connected layout 1`] = `
<DocumentFragment>
  <div
    class="h-screen bg-[#1a1a2e] text-white flex flex-col p-6 overflow-hidden relative font-sans"
  >
    <div
      class="absolute top-2 left-2 z-[100] opacity-10 hover:opacity-100 transition-opacity flex gap-2"
    >
      <button
        class="px-2 py-1 bg-black/50 backdrop-blur-sm text-gray-400 text-[10px] font-bold rounded border border-white/10 hover:border-gray-400"
        type="button"
      >
        Disconnect
      </button>
    </div>
    <header
      class="flex justify-between items-center mb-6"
    >
      <div>
        <h1
          class="text-3xl font-black italic tracking-tighter uppercase text-cyan-400"
          style="font-style: italic;"
        >
          SPECTATOR 
          <span
            class="text-white"
          >
            VIEW
          </span>
        </h1>
        <div
          class="flex items-center gap-2 mt-1"
        >
          <span
            class="inline-block w-2 h-2 rounded-full bg-green-500 animate-pulse"
          />
          <span
            class="text-xs font-bold text-gray-400 tracking-widest"
          >
            LIVE / ARENA MODE
          </span>
          <span
            class="text-xs text-gray-600 font-mono ml-2"
          >
            ID: room-test-001
          </span>
        </div>
      </div>
    </header>
    <div
      class="flex gap-6 flex-1 min-h-0"
    >
      <div
        class="w-2/3 flex flex-col gap-4"
      >
        <div
          class="bg-white/5 border border-white/10 rounded-xl p-6 relative overflow-hidden backdrop-blur-sm"
        >
          <div
            class="absolute top-0 right-0 w-64 h-64 opacity-5 rounded-full blur-3xl -translate-y-1/2 translate-x-1/4 bg-cyan-500"
          />
          <h2
            class="text-sm font-black text-gray-400 uppercase tracking-widest mb-4 pl-2 border-l-2 border-gray-500"
          >
            Current Match
          </h2>
          <div
            class="flex items-center gap-4 mb-8 border-l-4 border-l-white pl-4 py-2"
          >
            <div
              class="flex flex-col"
            >
              <div
                class="flex items-center gap-2 mb-1"
              >
                <span
                  class="text-xs font-black px-2 py-0.5 rounded bg-cyan-400 text-black"
                >
                  SP
                </span>
                <span
                  class="text-xs font-bold text-red-400 uppercase border border-red-400/30 px-1.5 rounded bg-red-500/10"
                >
                  ANOTHER
                </span>
                <span
                  class="text-xs font-bold text-gray-400"
                >
                  ☆10
                </span>
              </div>
              <h3
                class="text-3xl font-bold"
              >
                Song 0
              </h3>
            </div>
          </div>
          <div
            class="flex flex-col gap-3"
          >
            <div
              class="flex items-center p-3 rounded-lg border border-amber-400/50 bg-amber-400/10"
            >
              <div
                class="w-8 text-center font-black italic text-xl text-amber-400"
              >
                1
              </div>
              <div
                class="flex-1 ml-4 font-bold text-lg"
              >
                PLAYER1
              </div>
              <div
                class="text-right flex items-end gap-3"
              >
                <div
                  class="flex flex-col text-right"
                >
                  <span
                    class="text-[10px] text-gray-500 font-bold uppercase"
                  >
                    EX Score
                  </span>
                  <span
                    class="font-mono text-2xl tracking-tight leading-none"
                  >
                    2888
                  </span>
                </div>
                <div
                  class="flex flex-col text-right w-16"
                >
                  <span
                    class="text-[10px] text-gray-500 font-bold uppercase"
                  >
                    Points
                  </span>
                  <span
                    class="font-black text-xl italic leading-none text-cyan-400"
                  >
                    +2
                  </span>
                </div>
              </div>
            </div>
            <div
              class="flex items-center p-3 rounded-lg border border-white/5 bg-black/20"
            >
              <div
                class="w-8 text-center font-black italic text-xl text-gray-500"
              >
                -
              </div>
              <div
                class="flex-1 ml-4 font-bold text-lg"
              >
                PLAYER2
              </div>
              <div
                class="text-right flex items-end gap-3"
              >
                <div
                  class="flex flex-col text-right"
                >
                  <span
                    class="text-[10px] text-gray-500 font-bold uppercase"
                  >
                    EX Score
                  </span>
                  <span
                    class="font-mono text-2xl tracking-tight leading-none"
                  >
                    -
                  </span>
                </div>
                <div
                  class="flex flex-col text-right w-16"
                >
                  <span
                    class="text-[10px] text-gray-500 font-bold uppercase"
                  >
                    Points
                  </span>
                  <span
                    class="font-black text-xl italic leading-none text-gray-500"
                  >
                    -
                  </span>
                </div>
              </div>
            </div>
          </div>
          <div
            class="mt-5 rounded-lg border border-white/10 bg-black/30 p-4"
          >
            <p
              class="text-[10px] font-black text-gray-400 uppercase tracking-widest"
            >
              LIVE Next Preview
            </p>
            <div
              class="mt-2"
            >
              <div
                class="flex items-center gap-2 mb-1"
              >
                <span
                  class="text-[10px] font-black px-2 py-0.5 rounded bg-cyan-400 text-black"
                >
                  SP
                </span>
                <span
                  class="text-[10px] font-bold text-red-400 uppercase border border-red-400/30 px-1.5 rounded bg-red-500/10"
                >
                  ANOTHER
                </span>
                <span
                  class="text-[10px] font-bold text-gray-400"
                >
                  ☆11
                </span>
                <span
                  class="text-[10px] font-bold text-gray-500 ml-2"
                >
                  Round 1
                </span>
              </div>
              <p
                class="text-lg font-bold leading-tight"
              >
                Song 1
              </p>
            </div>
          </div>
        </div>
      </div>
      <div
        class="w-1/3 flex flex-col gap-2"
      >
        <h2
          class="text-sm font-black text-gray-400 uppercase tracking-widest mb-2 pl-2 border-l-2 border-gray-500"
        >
          Match History
        </h2>
        <div
          class="flex-1 overflow-y-auto pr-2 flex flex-col gap-3 pb-8"
        >
          <div
            class="bg-[#252526] border border-white/10 rounded-lg p-3 text-sm text-gray-400"
          >
            RESULT_READYを受信すると履歴がここに追加されます。
          </div>
        </div>
      </div>
    </div>
  </div>
</DocumentFragment>
`;
